Customer Cart Flow (Tests\Feature\CustomerCartFlow)
 [x] Customer can create own cart
 [x] Customer can add track to own cart
 [x] Customer cannot add item to other users cart
 [x] Customer can delete own cart item

Example (Tests\Feature\Example)
 [x] The application returns a successful response
 [x] User login logout

Example (Tests\Unit\Example)
 [x] That true is true
 [x] TheAssert is true
 [x] Check person map

User (Tests\Feature\User)
 [x] Create delete user
 [x] Login

User (Tests\Unit\User)
 [x] Exists users table
 [x] Does the user table contain all fields
 [x] The user table columns have the expected types
 [ ] Check if users getting fetched with id
 [x] Users table record number
 [x] Does the user exist
 [x] A given password matches the users hashed password

User Update (Tests\Feature\UserUpdate)
 [x] Admin cannot change their own role via api

